D:/App/TouchGFX/Projects/projectNhung3/Core/Src/main.c:963:13:SPI5_Write	1
D:/App/TouchGFX/Projects/projectNhung3/Core/Src/main.c:1136:6:StartShootTask	3
D:/App/TouchGFX/Projects/projectNhung3/Core/Src/main.c:167:6:SendChar	1
D:/App/TouchGFX/Projects/projectNhung3/Core/Src/main.c:1075:6:StartDefaultTask	7
D:/App/TouchGFX/Projects/projectNhung3/Core/Src/main.c:289:6:SystemClock_Config	1
D:/App/TouchGFX/Projects/projectNhung3/Core/Src/main.c:185:5:main	2
D:/App/TouchGFX/Projects/projectNhung3/Core/Src/main.c:807:6:IOE_Init	1
D:/App/TouchGFX/Projects/projectNhung3/Core/Src/main.c:816:6:IOE_ITConfig	1
D:/App/TouchGFX/Projects/projectNhung3/Core/Src/main.c:828:6:IOE_Write	1
D:/App/TouchGFX/Projects/projectNhung3/Core/Src/main.c:839:9:IOE_Read	1
D:/App/TouchGFX/Projects/projectNhung3/Core/Src/main.c:852:10:IOE_ReadMultiple	1
D:/App/TouchGFX/Projects/projectNhung3/Core/Src/main.c:861:6:IOE_Delay	1
D:/App/TouchGFX/Projects/projectNhung3/Core/Src/main.c:989:6:LCD_IO_Init	1
D:/App/TouchGFX/Projects/projectNhung3/Core/Src/main.c:999:6:LCD_IO_WriteData	1
D:/App/TouchGFX/Projects/projectNhung3/Core/Src/main.c:1015:6:LCD_IO_WriteReg	1
D:/App/TouchGFX/Projects/projectNhung3/Core/Src/main.c:1034:10:LCD_IO_ReadData	1
D:/App/TouchGFX/Projects/projectNhung3/Core/Src/main.c:1061:6:LCD_Delay	1
D:/App/TouchGFX/Projects/projectNhung3/Core/Src/main.c:1167:6:HAL_TIM_PeriodElapsedCallback	2
D:/App/TouchGFX/Projects/projectNhung3/Core/Src/main.c:1185:6:Error_Handler	1
