D:/App/TouchGFX/Projects/projectNhung3/Core/Src/main.c:963:13:SPI5_Write	16	static
D:/App/TouchGFX/Projects/projectNhung3/Core/Src/main.c:1136:6:StartShootTask	32	static
D:/App/TouchGFX/Projects/projectNhung3/Core/Src/main.c:167:6:SendChar	16	static
D:/App/TouchGFX/Projects/projectNhung3/Core/Src/main.c:1075:6:StartDefaultTask	48	static
D:/App/TouchGFX/Projects/projectNhung3/Core/Src/main.c:289:6:SystemClock_Config	96	static
D:/App/TouchGFX/Projects/projectNhung3/Core/Src/main.c:185:5:main	112	static
D:/App/TouchGFX/Projects/projectNhung3/Core/Src/main.c:807:6:IOE_Init	0	static
D:/App/TouchGFX/Projects/projectNhung3/Core/Src/main.c:816:6:IOE_ITConfig	0	static
D:/App/TouchGFX/Projects/projectNhung3/Core/Src/main.c:828:6:IOE_Write	32	static
D:/App/TouchGFX/Projects/projectNhung3/Core/Src/main.c:839:9:IOE_Read	32	static
D:/App/TouchGFX/Projects/projectNhung3/Core/Src/main.c:852:10:IOE_ReadMultiple	24	static
D:/App/TouchGFX/Projects/projectNhung3/Core/Src/main.c:861:6:IOE_Delay	0	static
D:/App/TouchGFX/Projects/projectNhung3/Core/Src/main.c:989:6:LCD_IO_Init	8	static
D:/App/TouchGFX/Projects/projectNhung3/Core/Src/main.c:999:6:LCD_IO_WriteData	16	static
D:/App/TouchGFX/Projects/projectNhung3/Core/Src/main.c:1015:6:LCD_IO_WriteReg	16	static
D:/App/TouchGFX/Projects/projectNhung3/Core/Src/main.c:1034:10:LCD_IO_ReadData	32	static
D:/App/TouchGFX/Projects/projectNhung3/Core/Src/main.c:1061:6:LCD_Delay	0	static
D:/App/TouchGFX/Projects/projectNhung3/Core/Src/main.c:1167:6:HAL_TIM_PeriodElapsedCallback	0	static
D:/App/TouchGFX/Projects/projectNhung3/Core/Src/main.c:1185:6:Error_Handler	0	static
