D:/App/TouchGFX/Projects/projectNhung3/Core/Src/main.c:1002:13:SPI5_Write	1
D:/App/TouchGFX/Projects/projectNhung3/Core/Src/main.c:1166:6:StartShootTask	2
D:/App/TouchGFX/Projects/projectNhung3/Core/Src/main.c:180:6:SendChar	1
D:/App/TouchGFX/Projects/projectNhung3/Core/Src/main.c:1114:6:StartDefaultTask	7
D:/App/TouchGFX/Projects/projectNhung3/Core/Src/main.c:302:6:SystemClock_Config	1
D:/App/TouchGFX/Projects/projectNhung3/Core/Src/main.c:198:5:main	2
D:/App/TouchGFX/Projects/projectNhung3/Core/Src/main.c:846:6:IOE_Init	1
D:/App/TouchGFX/Projects/projectNhung3/Core/Src/main.c:855:6:IOE_ITConfig	1
D:/App/TouchGFX/Projects/projectNhung3/Core/Src/main.c:867:6:IOE_Write	1
D:/App/TouchGFX/Projects/projectNhung3/Core/Src/main.c:878:9:IOE_Read	1
D:/App/TouchGFX/Projects/projectNhung3/Core/Src/main.c:891:10:IOE_ReadMultiple	1
D:/App/TouchGFX/Projects/projectNhung3/Core/Src/main.c:900:6:IOE_Delay	1
D:/App/TouchGFX/Projects/projectNhung3/Core/Src/main.c:1028:6:LCD_IO_Init	1
D:/App/TouchGFX/Projects/projectNhung3/Core/Src/main.c:1038:6:LCD_IO_WriteData	1
D:/App/TouchGFX/Projects/projectNhung3/Core/Src/main.c:1054:6:LCD_IO_WriteReg	1
D:/App/TouchGFX/Projects/projectNhung3/Core/Src/main.c:1073:10:LCD_IO_ReadData	1
D:/App/TouchGFX/Projects/projectNhung3/Core/Src/main.c:1100:6:LCD_Delay	1
D:/App/TouchGFX/Projects/projectNhung3/Core/Src/main.c:1192:6:HAL_TIM_PeriodElapsedCallback	2
D:/App/TouchGFX/Projects/projectNhung3/Core/Src/main.c:1210:6:Error_Handler	1
