../../Middlewares/ST/touchgfx/framework/include/touchgfx/Drawable.hpp:147:23:virtual touchgfx::Drawable* touchgfx::Drawable::getFirstChild()	0	static
../../Middlewares/ST/touchgfx/framework/include/touchgfx/Drawable.hpp:315:18:virtual void touchgfx::Drawable::setX(int16_t)	0	static
../../Middlewares/ST/touchgfx/framework/include/touchgfx/Drawable.hpp:327:18:virtual void touchgfx::Drawable::setY(int16_t)	0	static
../../Middlewares/ST/touchgfx/framework/include/touchgfx/Drawable.hpp:356:18:virtual void touchgfx::Drawable::setWidth(int16_t)	0	static
../../Middlewares/ST/touchgfx/framework/include/touchgfx/Drawable.hpp:368:18:virtual void touchgfx::Drawable::setHeight(int16_t)	0	static
../../Middlewares/ST/touchgfx/framework/include/touchgfx/Drawable.hpp:378:18:virtual void touchgfx::Drawable::childGeometryChanged()	0	static
../../Middlewares/ST/touchgfx/framework/include/touchgfx/Drawable.hpp:389:18:virtual void touchgfx::Drawable::handleClickEvent(const touchgfx::ClickEvent&)	0	static
../../Middlewares/ST/touchgfx/framework/include/touchgfx/Drawable.hpp:401:18:virtual void touchgfx::Drawable::handleGestureEvent(const touchgfx::GestureEvent&)	0	static
../../Middlewares/ST/touchgfx/framework/include/touchgfx/Drawable.hpp:490:18:virtual void touchgfx::Drawable::handleDragEvent(const touchgfx::DragEvent&)	0	static
../../Middlewares/ST/touchgfx/framework/include/touchgfx/Drawable.hpp:501:18:virtual void touchgfx::Drawable::handleTickEvent()	0	static
../../Middlewares/ST/touchgfx/framework/include/touchgfx/Drawable.hpp:588:18:virtual void touchgfx::Drawable::moveTo(int16_t, int16_t)	4	static
../../Middlewares/ST/touchgfx/framework/include/touchgfx/Drawable.hpp:703:18:virtual void touchgfx::Drawable::setupDrawChain(const touchgfx::Rect&, touchgfx::Drawable**)	0	static
../../Middlewares/ST/touchgfx/framework/include/touchgfx/Screen.hpp:104:18:virtual void touchgfx::Screen::afterTransition()	0	static
../../Middlewares/ST/touchgfx/framework/include/touchgfx/Screen.hpp:154:18:virtual void touchgfx::Screen::handleKeyEvent(uint8_t)	0	static
../../Middlewares/ST/touchgfx/framework/include/touchgfx/mixins/MoveAnimator.hpp:37:7:touchgfx::MoveAnimator<touchgfx::Image>::~MoveAnimator()	0	static
../../Middlewares/ST/touchgfx/framework/include/touchgfx/Callback.hpp:357:8:touchgfx::Callback<GamePlayScreenView, const touchgfx::MoveAnimator<touchgfx::Image>&>::~Callback()	0	static
D:/App/TouchGFX/Projects/projectNhung3/TouchGFX/gui/src/gameplayscreen_screen/GamePlayScreenView.cpp:73:6:virtual void GamePlayScreenView::tearDownScreen()	0	static
../../Middlewares/ST/touchgfx/framework/include/touchgfx/Callback.hpp:386:18:void touchgfx::Callback<dest_type, T1, void, void>::execute(T1) [with dest_type = GamePlayScreenView; T1 = const touchgfx::MoveAnimator<touchgfx::Image>&]	8	static
../../Middlewares/ST/touchgfx/framework/include/touchgfx/Callback.hpp:396:18:bool touchgfx::Callback<dest_type, T1, void, void>::isValid() const [with dest_type = GamePlayScreenView; T1 = const touchgfx::MoveAnimator<touchgfx::Image>&]	0	static
../../Middlewares/ST/touchgfx/framework/include/touchgfx/mixins/MoveAnimator.hpp:88:18:void touchgfx::MoveAnimator<T>::setMoveAnimationDelay(uint16_t) [with T = touchgfx::Image]	0	static
../../Middlewares/ST/touchgfx/framework/include/touchgfx/mixins/MoveAnimator.hpp:100:22:uint16_t touchgfx::MoveAnimator<T>::getMoveAnimationDelay() const [with T = touchgfx::Image]	0	static
D:/App/TouchGFX/Projects/projectNhung3/TouchGFX/gui/src/gameplayscreen_screen/GamePlayScreenView.cpp:416:6:void GamePlayScreenView::onShootEggEnded(const touchgfx::MoveAnimator<touchgfx::Image>&)	0	static
../../Middlewares/ST/touchgfx/framework/include/touchgfx/mixins/MoveAnimator.hpp:37:7:virtual touchgfx::MoveAnimator<touchgfx::Image>::~MoveAnimator()	8	static
../../Middlewares/ST/touchgfx/framework/include/touchgfx/Callback.hpp:357:8:virtual touchgfx::Callback<GamePlayScreenView, const touchgfx::MoveAnimator<touchgfx::Image>&>::~Callback()	8	static
../../TouchGFX/gui/include/gui/gameplayscreen_screen/GamePlayScreenView.hpp:16:13:GamePlayScreenView::~GamePlayScreenView()	16	static
../../TouchGFX/gui/include/gui/gameplayscreen_screen/GamePlayScreenView.hpp:16:13:virtual GamePlayScreenView::~GamePlayScreenView()	8	static
../../Middlewares/ST/touchgfx/framework/include/touchgfx/Drawable.hpp:121:18:virtual void touchgfx::Drawable::invalidateContent() const	0	static
../../Middlewares/ST/touchgfx/framework/include/touchgfx/widgets/Image.hpp:118:18:virtual void touchgfx::Image::invalidateContent() const	8	static
../../Middlewares/ST/touchgfx/framework/include/touchgfx/widgets/Widget.hpp:45:18:virtual void touchgfx::Widget::getLastChild(int16_t, int16_t, touchgfx::Drawable**)	0	static
../../Middlewares/ST/touchgfx/framework/include/touchgfx/Bitmap.hpp:146:14:touchgfx::BitmapId touchgfx::Bitmap::getId() const	8	static
../../Middlewares/ST/touchgfx/framework/include/touchgfx/Drawable.hpp:343:10:void touchgfx::Drawable::setXY(int16_t, int16_t)	16	static
../../Middlewares/ST/touchgfx/framework/include/touchgfx/widgets/TextureMapper.hpp:160:18:virtual void touchgfx::TextureMapper::setZAngle(float)	0	static
D:/App/TouchGFX/Projects/projectNhung3/TouchGFX/gui/src/gameplayscreen_screen/GamePlayScreenView.cpp:80:6:void GamePlayScreenView::initializeEggs()	32	static
D:/App/TouchGFX/Projects/projectNhung3/TouchGFX/gui/src/gameplayscreen_screen/GamePlayScreenView.cpp:113:6:void GamePlayScreenView::initializeEggGrid()	64	static
D:/App/TouchGFX/Projects/projectNhung3/TouchGFX/gui/src/gameplayscreen_screen/GamePlayScreenView.cpp:145:6:void GamePlayScreenView::pushEggGridDown()	0	static
D:/App/TouchGFX/Projects/projectNhung3/TouchGFX/gui/src/gameplayscreen_screen/GamePlayScreenView.cpp:180:6:void GamePlayScreenView::shoot()	48	static
D:/App/TouchGFX/Projects/projectNhung3/TouchGFX/gui/src/gameplayscreen_screen/GamePlayScreenView.cpp:259:6:bool GamePlayScreenView::checkCollision(const touchgfx::Image&, const touchgfx::Image&)	12	static
D:/App/TouchGFX/Projects/projectNhung3/TouchGFX/gui/src/gameplayscreen_screen/GamePlayScreenView.cpp:350:5:int GamePlayScreenView::countMatchingDirection(int, int, int, int)	40	static
D:/App/TouchGFX/Projects/projectNhung3/TouchGFX/gui/src/gameplayscreen_screen/GamePlayScreenView.cpp:293:6:void GamePlayScreenView::checkAndClearMatchingEggs(int, int)	104	static
D:/App/TouchGFX/Projects/projectNhung3/TouchGFX/gui/src/gameplayscreen_screen/GamePlayScreenView.cpp:269:6:void GamePlayScreenView::attachEggToGrid(int, int)	40	static
D:/App/TouchGFX/Projects/projectNhung3/TouchGFX/gui/src/gameplayscreen_screen/GamePlayScreenView.cpp:222:6:void GamePlayScreenView::handleShootEggCollision()	32	static
D:/App/TouchGFX/Projects/projectNhung3/TouchGFX/gui/src/gameplayscreen_screen/GamePlayScreenView.cpp:427:6:virtual void GamePlayScreenView::handleTickEvent()	40	static
D:/App/TouchGFX/Projects/projectNhung3/TouchGFX/gui/src/gameplayscreen_screen/GamePlayScreenView.cpp:371:6:void GamePlayScreenView::addTopRowEggs()	48	static
../../Middlewares/ST/touchgfx/framework/include/touchgfx/mixins/MoveAnimator.hpp:40:5:touchgfx::MoveAnimator<T>::MoveAnimator() [with T = touchgfx::Image]	24	static
D:/App/TouchGFX/Projects/projectNhung3/TouchGFX/gui/src/gameplayscreen_screen/GamePlayScreenView.cpp:19:1:GamePlayScreenView::GamePlayScreenView()	32	static
../../Middlewares/ST/touchgfx/framework/include/touchgfx/mixins/MoveAnimator.hpp:177:10:void touchgfx::MoveAnimator<T>::nextMoveAnimationStep() [with T = touchgfx::Image]	24	static
../../Middlewares/ST/touchgfx/framework/include/touchgfx/mixins/MoveAnimator.hpp:169:18:void touchgfx::MoveAnimator<T>::handleTickEvent() [with T = touchgfx::Image]	8	static
D:/App/TouchGFX/Projects/projectNhung3/TouchGFX/gui/src/gameplayscreen_screen/GamePlayScreenView.cpp:154:6:void GamePlayScreenView::onRowFallStep(const touchgfx::MoveAnimator<touchgfx::Image>&)	16	static
D:/App/TouchGFX/Projects/projectNhung3/TouchGFX/gui/src/gameplayscreen_screen/GamePlayScreenView.cpp:26:6:virtual void GamePlayScreenView::setupScreen()	48	static
