../../Middlewares/ST/touchgfx/framework/include/touchgfx/Screen.hpp:104:18:virtual void touchgfx::Screen::afterTransition()	0	static
../../Middlewares/ST/touchgfx/framework/include/touchgfx/Screen.hpp:144:18:virtual void touchgfx::Screen::handleTickEvent()	0	static
../../Middlewares/ST/touchgfx/framework/include/touchgfx/Screen.hpp:154:18:virtual void touchgfx::Screen::handleKeyEvent(uint8_t)	0	static
D:/App/TouchGFX/Projects/projectNhung3/TouchGFX/gui/src/gameoverscreen_screen/GameOverScreenView.cpp:13:6:virtual void GameOverScreenView::tearDownScreen()	0	static
../../TouchGFX/gui/include/gui/gameoverscreen_screen/GameOverScreenView.hpp:11:13:GameOverScreenView::~GameOverScreenView()	8	static
../../TouchGFX/gui/include/gui/gameoverscreen_screen/GameOverScreenView.hpp:11:13:virtual GameOverScreenView::~GameOverScreenView()	8	static
D:/App/TouchGFX/Projects/projectNhung3/TouchGFX/gui/src/gameoverscreen_screen/GameOverScreenView.cpp:3:1:GameOverScreenView::GameOverScreenView()	8	static
D:/App/TouchGFX/Projects/projectNhung3/TouchGFX/gui/src/gameoverscreen_screen/GameOverScreenView.cpp:8:6:virtual void GameOverScreenView::setupScreen()	0	static
D:/App/TouchGFX/Projects/projectNhung3/TouchGFX/gui/src/gameoverscreen_screen/GameOverScreenView.cpp:18:6:void GameOverScreenView::setFinalScore(int)	16	static
