../../Middlewares/ST/touchgfx/framework/include/touchgfx/Screen.hpp:104:18:virtual void touchgfx::Screen::afterTransition()	0	static
../../Middlewares/ST/touchgfx/framework/include/touchgfx/Screen.hpp:144:18:virtual void touchgfx::Screen::handleTickEvent()	0	static
../../Middlewares/ST/touchgfx/framework/include/touchgfx/Screen.hpp:154:18:virtual void touchgfx::Screen::handleKeyEvent(uint8_t)	0	static
D:/App/TouchGFX/Projects/projectNhung3/TouchGFX/gui/src/homescreen_screen/HomeScreenView.cpp:13:6:virtual void HomeScreenView::tearDownScreen()	0	static
../../TouchGFX/gui/include/gui/homescreen_screen/HomeScreenView.hpp:11:13:HomeScreenView::~HomeScreenView()	8	static
../../TouchGFX/gui/include/gui/homescreen_screen/HomeScreenView.hpp:11:13:virtual HomeScreenView::~HomeScreenView()	8	static
D:/App/TouchGFX/Projects/projectNhung3/TouchGFX/gui/src/homescreen_screen/HomeScreenView.cpp:3:1:HomeScreenView::HomeScreenView()	8	static
D:/App/TouchGFX/Projects/projectNhung3/TouchGFX/gui/src/homescreen_screen/HomeScreenView.cpp:8:6:virtual void HomeScreenView::setupScreen()	0	static
