../../Middlewares/ST/touchgfx/framework/include/touchgfx/Application.hpp:72:18:virtual void touchgfx::Application::changeToStartScreen()	0	static
../../Middlewares/ST/touchgfx/framework/include/touchgfx/Application.hpp:91:18:virtual void touchgfx::Application::appSwitchScreen(uint8_t)	0	static
../../Middlewares/ST/touchgfx/framework/include/touchgfx/Application.hpp:104:18:virtual void touchgfx::Application::requestRedraw(touchgfx::Rect&)	0	static
../../Middlewares/ST/touchgfx/framework/include/touchgfx/transitions/Transition.hpp:72:18:virtual void touchgfx::Transition::tearDown()	0	static
../../Middlewares/ST/touchgfx/framework/include/touchgfx/transitions/Transition.hpp:80:18:virtual void touchgfx::Transition::init()	0	static
../../Middlewares/ST/touchgfx/framework/include/touchgfx/transitions/Transition.hpp:100:18:virtual void touchgfx::Transition::setScreenContainer(touchgfx::Container&)	0	static
../../Middlewares/ST/touchgfx/framework/include/mvp/MVPApplication.hpp:43:7:touchgfx::MVPApplication::~MVPApplication()	0	static
../../Middlewares/ST/touchgfx/framework/include/touchgfx/Callback.hpp:424:8:touchgfx::Callback<FrontendApplicationBase>::~Callback()	0	static
../../TouchGFX/generated/gui_generated/include/gui_generated/common/FrontendApplicationBase.hpp:16:13:FrontendApplicationBase::~FrontendApplicationBase()	0	static
../../TouchGFX/generated/gui_generated/include/gui_generated/common/FrontendApplicationBase.hpp:18:18:virtual void FrontendApplicationBase::changeToStartScreen()	0	static
../../Middlewares/ST/touchgfx/framework/include/touchgfx/transitions/NoTransition.hpp:35:18:virtual void touchgfx::NoTransition::handleTickEvent()	0	static
../../Middlewares/ST/touchgfx/framework/include/touchgfx/transitions/SlideTransition.hpp:39:7:touchgfx::SlideTransition<touchgfx::NORTH>::~SlideTransition()	0	static
../../Middlewares/ST/touchgfx/framework/include/touchgfx/transitions/NoTransition.hpp:31:7:touchgfx::NoTransition::~NoTransition()	0	static
../../Middlewares/ST/touchgfx/framework/include/touchgfx/Callback.hpp:449:18:void touchgfx::Callback<dest_type, void, void, void>::execute() [with dest_type = FrontendApplicationBase]	4	static
../../Middlewares/ST/touchgfx/framework/include/touchgfx/Callback.hpp:459:18:bool touchgfx::Callback<dest_type, void, void, void>::isValid() const [with dest_type = FrontendApplicationBase]	0	static
../../Middlewares/ST/touchgfx/framework/include/touchgfx/transitions/NoTransition.hpp:31:7:virtual touchgfx::NoTransition::~NoTransition()	8	static
../../Middlewares/ST/touchgfx/framework/include/touchgfx/Callback.hpp:424:8:virtual touchgfx::Callback<FrontendApplicationBase>::~Callback()	8	static
../../Middlewares/ST/touchgfx/framework/include/mvp/MVPApplication.hpp:43:7:virtual touchgfx::MVPApplication::~MVPApplication()	8	static
../../TouchGFX/generated/gui_generated/include/gui_generated/common/FrontendApplicationBase.hpp:16:13:virtual FrontendApplicationBase::~FrontendApplicationBase()	8	static
../../Middlewares/ST/touchgfx/framework/include/touchgfx/transitions/SlideTransition.hpp:39:7:virtual touchgfx::SlideTransition<touchgfx::NORTH>::~SlideTransition()	8	static
../../Middlewares/ST/touchgfx/framework/include/touchgfx/transitions/Transition.hpp:89:18:virtual void touchgfx::Transition::invalidate()	8	static
../../Middlewares/ST/touchgfx/framework/include/touchgfx/transitions/SlideTransition.hpp:146:18:void touchgfx::SlideTransition<templateDirection>::tearDown() [with touchgfx::Direction templateDirection = touchgfx::NORTH]	0	static
../../Middlewares/ST/touchgfx/framework/include/touchgfx/transitions/SlideTransition.hpp:154:18:void touchgfx::SlideTransition<templateDirection>::init() [with touchgfx::Direction templateDirection = touchgfx::NORTH]	16	static
../../Middlewares/ST/touchgfx/framework/include/mvp/MVPApplication.hpp:59:18:virtual void touchgfx::MVPApplication::handlePendingScreenTransition()	8	static
../../Middlewares/ST/touchgfx/framework/include/touchgfx/transitions/SlideTransition.hpp:87:18:void touchgfx::SlideTransition<templateDirection>::handleTickEvent() [with touchgfx::Direction templateDirection = touchgfx::NORTH]	16	static
D:/App/TouchGFX/Projects/projectNhung3/TouchGFX/generated/gui_generated/src/common/FrontendApplicationBase.cpp:72:6:void FrontendApplicationBase::gotoGameOverScreenScreenNoTransitionImpl()	40	static
../../Middlewares/ST/touchgfx/framework/include/touchgfx/hal/HAL.hpp:308:17:static touchgfx::LCD& touchgfx::HAL::lcd()	0	static
D:/App/TouchGFX/Projects/projectNhung3/TouchGFX/generated/gui_generated/src/common/FrontendApplicationBase.cpp:21:1:FrontendApplicationBase::FrontendApplicationBase(Model&, FrontendHeap&)	24	static
D:/App/TouchGFX/Projects/projectNhung3/TouchGFX/generated/gui_generated/src/common/FrontendApplicationBase.cpp:40:6:void FrontendApplicationBase::gotoHomeScreenScreenSlideTransitionNorth()	0	static
D:/App/TouchGFX/Projects/projectNhung3/TouchGFX/generated/gui_generated/src/common/FrontendApplicationBase.cpp:53:6:void FrontendApplicationBase::gotoGamePlayScreenScreenSlideTransitionNorth()	0	static
D:/App/TouchGFX/Projects/projectNhung3/TouchGFX/generated/gui_generated/src/common/FrontendApplicationBase.cpp:66:6:void FrontendApplicationBase::gotoGameOverScreenScreenNoTransition()	0	static
D:/App/TouchGFX/Projects/projectNhung3/TouchGFX/generated/gui_generated/src/common/FrontendApplicationBase.cpp:77:6:void FrontendApplicationBase::gotoGameOverScreenScreenSlideTransitionNorth()	0	static
../../Middlewares/ST/touchgfx/framework/include/common/AbstractPartition.hpp:135:8:T& touchgfx::AbstractPartition::at(uint16_t) [with T = touchgfx::SlideTransition<touchgfx::NORTH>]	0	static
../../Middlewares/ST/touchgfx/framework/include/touchgfx/transitions/SlideTransition.hpp:47:5:touchgfx::SlideTransition<templateDirection>::SlideTransition(uint8_t) [with touchgfx::Direction templateDirection = touchgfx::NORTH]	24	static
D:/App/TouchGFX/Projects/projectNhung3/TouchGFX/generated/gui_generated/src/common/FrontendApplicationBase.cpp:83:6:void FrontendApplicationBase::gotoGameOverScreenScreenSlideTransitionNorthImpl()	32	static
D:/App/TouchGFX/Projects/projectNhung3/TouchGFX/generated/gui_generated/src/common/FrontendApplicationBase.cpp:59:6:void FrontendApplicationBase::gotoGamePlayScreenScreenSlideTransitionNorthImpl()	32	static
D:/App/TouchGFX/Projects/projectNhung3/TouchGFX/generated/gui_generated/src/common/FrontendApplicationBase.cpp:46:6:void FrontendApplicationBase::gotoHomeScreenScreenSlideTransitionNorthImpl()	32	static
